C:\Users\monja\Desktop\Projektprüfung\backend\src\main\java\de\vereinsplaner\backend\BackendApplication.java
C:\Users\monja\Desktop\Projektprüfung\backend\src\main\java\de\vereinsplaner\backend\controller\AufgabeController.java
C:\Users\monja\Desktop\Projektprüfung\backend\src\main\java\de\vereinsplaner\backend\controller\EinsatzbereichController.java
C:\Users\monja\Desktop\Projektprüfung\backend\src\main\java\de\vereinsplaner\backend\controller\EinsatzplanController.java
C:\Users\monja\Desktop\Projektprüfung\backend\src\main\java\de\vereinsplaner\backend\controller\MitgliedController.java
C:\Users\monja\Desktop\Projektprüfung\backend\src\main\java\de\vereinsplaner\backend\controller\SchichtController.java
C:\Users\monja\Desktop\Projektprüfung\backend\src\main\java\de\vereinsplaner\backend\controller\SchichtZuweisungController.java
C:\Users\monja\Desktop\Projektprüfung\backend\src\main\java\de\vereinsplaner\backend\controller\VeranstaltungController.java
C:\Users\monja\Desktop\Projektprüfung\backend\src\main\java\de\vereinsplaner\backend\controller\VerfuegbarkeitController.java
C:\Users\monja\Desktop\Projektprüfung\backend\src\main\java\de\vereinsplaner\backend\dto\AufgabeCreateDto.java
C:\Users\monja\Desktop\Projektprüfung\backend\src\main\java\de\vereinsplaner\backend\dto\AufgabeUpdateDto.java
C:\Users\monja\Desktop\Projektprüfung\backend\src\main\java\de\vereinsplaner\backend\dto\EinsatzbereichCreateDto.java
C:\Users\monja\Desktop\Projektprüfung\backend\src\main\java\de\vereinsplaner\backend\dto\EinsatzbereichUpdateDto.java
C:\Users\monja\Desktop\Projektprüfung\backend\src\main\java\de\vereinsplaner\backend\dto\EinsatzplanSchichtDto.java
C:\Users\monja\Desktop\Projektprüfung\backend\src\main\java\de\vereinsplaner\backend\dto\MitgliedCreateDto.java
C:\Users\monja\Desktop\Projektprüfung\backend\src\main\java\de\vereinsplaner\backend\dto\MitgliedUpdateDto.java
C:\Users\monja\Desktop\Projektprüfung\backend\src\main\java\de\vereinsplaner\backend\dto\SchichtCreateDto.java
C:\Users\monja\Desktop\Projektprüfung\backend\src\main\java\de\vereinsplaner\backend\dto\SchichtUpdateDto.java
C:\Users\monja\Desktop\Projektprüfung\backend\src\main\java\de\vereinsplaner\backend\dto\SchichtZuweisungCreateDto.java
C:\Users\monja\Desktop\Projektprüfung\backend\src\main\java\de\vereinsplaner\backend\dto\VeranstaltungCreateDto.java
C:\Users\monja\Desktop\Projektprüfung\backend\src\main\java\de\vereinsplaner\backend\dto\VeranstaltungUpdateDto.java
C:\Users\monja\Desktop\Projektprüfung\backend\src\main\java\de\vereinsplaner\backend\dto\VerfuegbarkeitCreateDto.java
C:\Users\monja\Desktop\Projektprüfung\backend\src\main\java\de\vereinsplaner\backend\dto\VerfuegbarkeitUpdateDto.java
C:\Users\monja\Desktop\Projektprüfung\backend\src\main\java\de\vereinsplaner\backend\exception\GlobalExceptionHandler.java
C:\Users\monja\Desktop\Projektprüfung\backend\src\main\java\de\vereinsplaner\backend\model\Aufgabe.java
C:\Users\monja\Desktop\Projektprüfung\backend\src\main\java\de\vereinsplaner\backend\model\Einsatzbereich.java
C:\Users\monja\Desktop\Projektprüfung\backend\src\main\java\de\vereinsplaner\backend\model\Mitglied.java
C:\Users\monja\Desktop\Projektprüfung\backend\src\main\java\de\vereinsplaner\backend\model\Schicht.java
C:\Users\monja\Desktop\Projektprüfung\backend\src\main\java\de\vereinsplaner\backend\model\SchichtZuweisung.java
C:\Users\monja\Desktop\Projektprüfung\backend\src\main\java\de\vereinsplaner\backend\model\Veranstaltung.java
C:\Users\monja\Desktop\Projektprüfung\backend\src\main\java\de\vereinsplaner\backend\model\Verfuegbarkeit.java
C:\Users\monja\Desktop\Projektprüfung\backend\src\main\java\de\vereinsplaner\backend\repository\AufgabeRepository.java
C:\Users\monja\Desktop\Projektprüfung\backend\src\main\java\de\vereinsplaner\backend\repository\EinsatzbereichRepository.java
C:\Users\monja\Desktop\Projektprüfung\backend\src\main\java\de\vereinsplaner\backend\repository\MitgliedRepository.java
C:\Users\monja\Desktop\Projektprüfung\backend\src\main\java\de\vereinsplaner\backend\repository\SchichtRepository.java
C:\Users\monja\Desktop\Projektprüfung\backend\src\main\java\de\vereinsplaner\backend\repository\SchichtZuweisungRepository.java
C:\Users\monja\Desktop\Projektprüfung\backend\src\main\java\de\vereinsplaner\backend\repository\VeranstaltungRepository.java
C:\Users\monja\Desktop\Projektprüfung\backend\src\main\java\de\vereinsplaner\backend\repository\VerfuegbarkeitRepository.java
C:\Users\monja\Desktop\Projektprüfung\backend\src\main\java\de\vereinsplaner\backend\service\AufgabeService.java
C:\Users\monja\Desktop\Projektprüfung\backend\src\main\java\de\vereinsplaner\backend\service\EinsatzbereichService.java
C:\Users\monja\Desktop\Projektprüfung\backend\src\main\java\de\vereinsplaner\backend\service\EinsatzplanService.java
C:\Users\monja\Desktop\Projektprüfung\backend\src\main\java\de\vereinsplaner\backend\service\MitgliedService.java
C:\Users\monja\Desktop\Projektprüfung\backend\src\main\java\de\vereinsplaner\backend\service\SchichtService.java
C:\Users\monja\Desktop\Projektprüfung\backend\src\main\java\de\vereinsplaner\backend\service\SchichtZuweisungService.java
C:\Users\monja\Desktop\Projektprüfung\backend\src\main\java\de\vereinsplaner\backend\service\VeranstaltungService.java
C:\Users\monja\Desktop\Projektprüfung\backend\src\main\java\de\vereinsplaner\backend\service\VerfuegbarkeitService.java
