de\vereinsplaner\backend\controller\MitgliedController.class
de\vereinsplaner\backend\controller\SchichtController.class
de\vereinsplaner\backend\model\Schicht.class
de\vereinsplaner\backend\service\VerfuegbarkeitService.class
de\vereinsplaner\backend\repository\VerfuegbarkeitRepository.class
de\vereinsplaner\backend\model\Mitglied.class
de\vereinsplaner\backend\service\EinsatzbereichService.class
de\vereinsplaner\backend\controller\VerfuegbarkeitController.class
de\vereinsplaner\backend\service\SchichtZuweisungService.class
de\vereinsplaner\backend\dto\AufgabeCreateDto.class
de\vereinsplaner\backend\dto\EinsatzbereichUpdateDto.class
de\vereinsplaner\backend\dto\VeranstaltungUpdateDto.class
de\vereinsplaner\backend\controller\SchichtZuweisungController$1.class
de\vereinsplaner\backend\dto\EinsatzplanSchichtDto.class
de\vereinsplaner\backend\model\Veranstaltung.class
de\vereinsplaner\backend\service\EinsatzplanService.class
de\vereinsplaner\backend\service\AufgabeService.class
de\vereinsplaner\backend\controller\AufgabeController.class
de\vereinsplaner\backend\service\VeranstaltungService.class
de\vereinsplaner\backend\dto\VerfuegbarkeitCreateDto.class
de\vereinsplaner\backend\dto\SchichtZuweisungCreateDto.class
de\vereinsplaner\backend\repository\AufgabeRepository.class
de\vereinsplaner\backend\model\Aufgabe.class
de\vereinsplaner\backend\controller\SchichtZuweisungController.class
de\vereinsplaner\backend\dto\MitgliedCreateDto.class
de\vereinsplaner\backend\dto\MitgliedUpdateDto.class
de\vereinsplaner\backend\repository\MitgliedRepository.class
de\vereinsplaner\backend\repository\SchichtZuweisungRepository.class
de\vereinsplaner\backend\BackendApplication.class
de\vereinsplaner\backend\repository\SchichtRepository.class
de\vereinsplaner\backend\dto\AufgabeUpdateDto.class
de\vereinsplaner\backend\dto\EinsatzbereichCreateDto.class
de\vereinsplaner\backend\dto\VerfuegbarkeitUpdateDto.class
de\vereinsplaner\backend\dto\VeranstaltungCreateDto.class
de\vereinsplaner\backend\service\SchichtService.class
de\vereinsplaner\backend\dto\SchichtUpdateDto.class
de\vereinsplaner\backend\service\MitgliedService.class
de\vereinsplaner\backend\controller\EinsatzbereichController.class
de\vereinsplaner\backend\dto\SchichtCreateDto.class
de\vereinsplaner\backend\model\Einsatzbereich.class
de\vereinsplaner\backend\repository\EinsatzbereichRepository.class
de\vereinsplaner\backend\exception\GlobalExceptionHandler.class
de\vereinsplaner\backend\model\SchichtZuweisung.class
de\vereinsplaner\backend\model\Verfuegbarkeit.class
de\vereinsplaner\backend\controller\VeranstaltungController.class
de\vereinsplaner\backend\controller\EinsatzplanController.class
de\vereinsplaner\backend\repository\VeranstaltungRepository.class
